[INFO] Scanning for projects...
[INFO]                                                                         
[INFO] ------------------------------------------------------------------------
[INFO] Building lunarnote 1.0-SNAPSHOT
[INFO] ------------------------------------------------------------------------
[INFO] 
[INFO] --- maven-resources-plugin:2.6:resources (default-resources) @ lunarnote ---
[INFO] Using 'UTF-8' encoding to copy filtered resources.
[INFO] Copying 0 resource
[INFO] Copying 6 resources
[INFO] 
[INFO] --- maven-compiler-plugin:3.1:compile (default-compile) @ lunarnote ---
[INFO] Changes detected - recompiling the module!
[INFO] Compiling 4 source files to C:\Users\BI77\Documents\itr_n_chg\itr-lunar_note_web_portal\LunarNote\target\classes
[INFO] 
[INFO] --- maven-resources-plugin:2.6:testResources (default-testResources) @ lunarnote ---
[INFO] Using 'UTF-8' encoding to copy filtered resources.
[INFO] skip non existing resourceDirectory C:\Users\BI77\Documents\itr_n_chg\itr-lunar_note_web_portal\LunarNote\src\test\resources
[INFO] 
[INFO] --- maven-compiler-plugin:3.1:testCompile (default-testCompile) @ lunarnote ---
[INFO] Nothing to compile - all classes are up to date
[INFO] 
[INFO] --- maven-surefire-plugin:2.18.1:test (default-test) @ lunarnote ---
[INFO] Surefire report directory: C:\Users\BI77\Documents\itr_n_chg\itr-lunar_note_web_portal\LunarNote\target\surefire-reports

-------------------------------------------------------
 T E S T S
-------------------------------------------------------
Running com.bcm.lunarnote.AppTest
Tests run: 1, Failures: 0, Errors: 0, Skipped: 0, Time elapsed: 0 sec - in com.bcm.lunarnote.AppTest
Running com.bcm.lunarnote.AS400ToolkitTest
index0, isHigh0
index1, isHigh1
index1, isHigh0
index2, isHigh1
index2, isHigh0
index3, isHigh1
index3, isHigh0
index4, isHigh1
Tests run: 1, Failures: 0, Errors: 0, Skipped: 0, Time elapsed: 0.219 sec - in com.bcm.lunarnote.AS400ToolkitTest

Results :

Tests run: 2, Failures: 0, Errors: 0, Skipped: 0

[INFO] 
[INFO] --- maven-jar-plugin:2.6:jar (default-jar) @ lunarnote ---
[INFO] Building jar: C:\Users\BI77\Documents\itr_n_chg\itr-lunar_note_web_portal\LunarNote\target\lunarnote-1.0-SNAPSHOT.jar
[INFO] 
[INFO] --- spring-boot-maven-plugin:1.4.1.RELEASE:repackage (default) @ lunarnote ---
[INFO] ------------------------------------------------------------------------
[INFO] BUILD SUCCESS
[INFO] ------------------------------------------------------------------------
[INFO] Total time: 7.678 s
[INFO] Finished at: 2016-10-20T15:52:48+08:00
[INFO] Final Memory: 21M/51M
[INFO] ------------------------------------------------------------------------
